Microchip MPLAB XC8 Compiler V2.32

Linker command line:

-W-3 --edf=C:\Program Files\Microchip\xc8\v2.32\pic\dat\en_msgs.txt -cn \
  -h+dist/default/production\ProjetoFinal.X.production.sym \
  --cmf=dist/default/production\ProjetoFinal.X.production.cmf -z -Q18F4520 \
  -oC:\Users\henri\AppData\Local\Temp\xcAsl9c.4 --defsym=__MPLAB_BUILD=1 \
  -Mdist/default/production/ProjetoFinal.X.production.map -E1 \
  -ver=XC8 Compiler --acfsm=1493 -ASTACK=080h-05FFh -pstack=STACK \
  -ACODE=00h-07FFFh -ACONST=00h-07FFFh -ASMALLCONST=0600h-06FFhx122 \
  -AMEDIUMCONST=0600h-07FFFh -ACOMRAM=01h-07Fh -AABS1=00h-05FFh \
  -ABIGRAM=01h-05FFh -ARAM=080h-0FFh,0100h-01FFhx5 -ABANK0=080h-0FFh \
  -ABANK1=0100h-01FFh -ABANK2=0200h-02FFh -ABANK3=0300h-03FFh \
  -ABANK4=0400h-04FFh -ABANK5=0500h-05FFh -ASFR=0F80h-0FFFh \
  -ACONFIG=0300000h-030000Dh -AIDLOC=0200000h-0200007h \
  -AEEDATA=0F00000h-0F000FFh -peeprom_data=EEDATA \
  -preset_vec=00h,intcode,intcodelo,powerup,init -pramtop=0600h \
  -psmallconst=SMALLCONST -pmediumconst=MEDIUMCONST -pconst=CONST \
  -AFARRAM=00h-00h \
  -prdata=COMRAM,nvrram=COMRAM,nvbit=COMRAM,rbss=COMRAM,rbit=COMRAM \
  -pfarbss=FARRAM,fardata=FARRAM,nvFARRAM=FARRAM \
  -pintsave_regs=BIGRAM,bigbss=BIGRAM,bigdata=BIGRAM -pbss=RAM \
  -pidata=CODE,irdata=CODE,ibigdata=CODE,ifardata=CODE -prparam=COMRAM \
  C:\Users\henri\AppData\Local\Temp\xcAsl9c.o \
  dist/default/production\ProjetoFinal.X.production.o 

Object code version is 3.11

Machine type is 18F4520



                Name                               Link     Load   Length Selector   Space Scale
C:\Users\henri\AppData\Local\Temp\xcAsl9c.o
                idloc                            200000   200000        8        0       5
                config                           300000   300000        E        0       4
                init                                  0        0        4        0       0
dist/default/production\ProjetoFinal.X.production.o
                idloc                            200000   200000        8        0       5
                config                           300000   300000        E        0       4
                mediumconst                        7EDE     7EDE      122     3F6F       0
                text47                             6DCE     6DCE      24E     36E7       0
                text46                             5BD6     5BD6       48     2DEB       0
                text45                             5D68     5D68       58     2EB4       0
                text44                             59D2     59D2       2A     2CE9       0
                text43                             60F6     60F6       A4     307B       0
                text42                             5FCC     5FCC       88     2FE6       0
                text41                             6546     6546      146     32A3       0
                text40                             5EEA     5EEA       6A     2F75       0
                text39                             6054     6054       A2     302A       0
                text38                             5B18     5B18       3E     2D8C       0
                text37                             5AAC     5AAC       32     2D56       0
                text36                             5A7C     5A7C       30     2D3E       0
                text35                             58E4     58E4        2     2C72       0
                text34                             701C     701C      24E     380E       0
                text33                             5B94     5B94       42     2DCA       0
                text32                             59FC     59FC       2A     2CFE       0
                text31                             5A26     5A26       2A     2D13       0
                text30                             5C1E     5C1E       4E     2E0F       0
                text29                             5DC0     5DC0       5A     2EE0       0
                text28                             594E     594E       1E     2CA7       0
                text27                             59AC     59AC       26     2CD6       0
                text26                             619A     619A       B4     30CD       0
                text25                             668C     668C      16A     3346       0
                text24                             6410     6410      136     3208       0
                text23                             58EE     58EE        A     2C77       0
                text22                             5F54     5F54       78     2FAA       0
                text21                             5ADE     5ADE       3A     2D6F       0
                text20                             596C     596C       1E     2CB6       0
                text19                             5CBC     5CBC       56     2E5E       0
                text18                             7A1E     7A1E      4C0     3D0F       0
                text17                             630C     630C      104     3186       0
                text16                             67F6     67F6      16C     33FB       0
                text15                             6B8A     6B8A      244     35C5       0
                text14                             5E1A     5E1A       68     2F0D       0
                text13                             5E82     5E82       68     2F41       0
                text12                             726A     726A      3AA     3935       0
                text11                             5C6C     5C6C       50     2E36       0
                text10                             6962     6962      228     34B1       0
                text9                              5B56     5B56       3E     2DAB       0
                text8                              5A50     5A50       2C     2D28       0
                text7                              5908     5908       16     2C84       0
                text6                              7614     7614      40A     3B0A       0
                text5                              5934     5934       1A     2C9A       0
                text4                              5D12     5D12       56     2E89       0
                text3                              58E6     58E6        8     2C73       0
                text2                              598A     598A       22     2CC5       0
                text1                              58F8     58F8       10     2C7C       0
                text0                              624E     624E       BE     3127       0
                cstackCOMRAM                          1        1       35        1       1
                bssCOMRAM                            36       36       1C        1       1
                cinit                              591E     591E       16     2C8F       0

TOTAL           Name                               Link     Load   Length     Space
        CLASS   STACK          

        CLASS   CODE           
                init                                  0        0        4         0
                text47                             6DCE     6DCE      24E         0
                text46                             5BD6     5BD6       48         0
                text45                             5D68     5D68       58         0
                text44                             59D2     59D2       2A         0
                text43                             60F6     60F6       A4         0
                text42                             5FCC     5FCC       88         0
                text41                             6546     6546      146         0
                text40                             5EEA     5EEA       6A         0
                text39                             6054     6054       A2         0
                text38                             5B18     5B18       3E         0
                text37                             5AAC     5AAC       32         0
                text36                             5A7C     5A7C       30         0
                text35                             58E4     58E4        2         0
                text34                             701C     701C      24E         0
                text33                             5B94     5B94       42         0
                text32                             59FC     59FC       2A         0
                text31                             5A26     5A26       2A         0
                text30                             5C1E     5C1E       4E         0
                text29                             5DC0     5DC0       5A         0
                text28                             594E     594E       1E         0
                text27                             59AC     59AC       26         0
                text26                             619A     619A       B4         0
                text25                             668C     668C      16A         0
                text24                             6410     6410      136         0
                text23                             58EE     58EE        A         0
                text22                             5F54     5F54       78         0
                text21                             5ADE     5ADE       3A         0
                text20                             596C     596C       1E         0
                text19                             5CBC     5CBC       56         0
                text18                             7A1E     7A1E      4C0         0
                text17                             630C     630C      104         0
                text16                             67F6     67F6      16C         0
                text15                             6B8A     6B8A      244         0
                text14                             5E1A     5E1A       68         0
                text13                             5E82     5E82       68         0
                text12                             726A     726A      3AA         0
                text11                             5C6C     5C6C       50         0
                text10                             6962     6962      228         0
                text9                              5B56     5B56       3E         0
                text8                              5A50     5A50       2C         0
                text7                              5908     5908       16         0
                text6                              7614     7614      40A         0
                text5                              5934     5934       1A         0
                text4                              5D12     5D12       56         0
                text3                              58E6     58E6        8         0
                text2                              598A     598A       22         0
                text1                              58F8     58F8       10         0
                text0                              624E     624E       BE         0
                cinit                              591E     591E       16         0

        CLASS   CONST          

        CLASS   SMALLCONST     

        CLASS   MEDIUMCONST    
                mediumconst                        7EDE     7EDE      122         0

        CLASS   COMRAM         
                cstackCOMRAM                          1        1       35         1
                bssCOMRAM                            36       36       1C         1

        CLASS   ABS1           

        CLASS   BIGRAM         

        CLASS   RAM            

        CLASS   BANK0          

        CLASS   BANK1          

        CLASS   BANK2          

        CLASS   BANK3          

        CLASS   BANK4          

        CLASS   BANK5          

        CLASS   SFR            

        CLASS   CONFIG         
                config                           300000   300000        E         4

        CLASS   IDLOC          
                idloc                            200000   200000        8         5

        CLASS   EEDATA         

        CLASS   FARRAM         



SEGMENTS        Name                           Load    Length   Top    Selector   Space  Class

                reset_vec                      000000  000004  000004         0       0  CODE    
                cstackCOMRAM                   000001  000051  000052         1       1  COMRAM  
                text35                         0058E4  000002  0058E6      2C72       0  CODE    
                text3                          0058E6  000008  0058EE      2C73       0  CODE    
                text23                         0058EE  00000A  0058F8      2C77       0  CODE    
                text1                          0058F8  000010  005908      2C7C       0  CODE    
                text7                          005908  000016  00591E      2C84       0  CODE    
                cinit                          00591E  000016  005934      2C8F       0  CODE    
                text5                          005934  00001A  00594E      2C9A       0  CODE    
                text28                         00594E  00001E  00596C      2CA7       0  CODE    
                text20                         00596C  00001E  00598A      2CB6       0  CODE    
                text2                          00598A  000022  0059AC      2CC5       0  CODE    
                text27                         0059AC  000026  0059D2      2CD6       0  CODE    
                text44                         0059D2  00002A  0059FC      2CE9       0  CODE    
                text32                         0059FC  00002A  005A26      2CFE       0  CODE    
                text31                         005A26  00002A  005A50      2D13       0  CODE    
                text8                          005A50  00002C  005A7C      2D28       0  CODE    
                text36                         005A7C  000030  005AAC      2D3E       0  CODE    
                text37                         005AAC  000032  005ADE      2D56       0  CODE    
                text21                         005ADE  00003A  005B18      2D6F       0  CODE    
                text38                         005B18  00003E  005B56      2D8C       0  CODE    
                text9                          005B56  00003E  005B94      2DAB       0  CODE    
                text33                         005B94  000042  005BD6      2DCA       0  CODE    
                text46                         005BD6  000048  005C1E      2DEB       0  CODE    
                text30                         005C1E  00004E  005C6C      2E0F       0  CODE    
                text11                         005C6C  000050  005CBC      2E36       0  CODE    
                text19                         005CBC  000056  005D12      2E5E       0  CODE    
                text4                          005D12  000056  005D68      2E89       0  CODE    
                text45                         005D68  000058  005DC0      2EB4       0  CODE    
                text29                         005DC0  00005A  005E1A      2EE0       0  CODE    
                text14                         005E1A  000068  005E82      2F0D       0  CODE    
                text13                         005E82  000068  005EEA      2F41       0  CODE    
                text40                         005EEA  00006A  005F54      2F75       0  CODE    
                text22                         005F54  000078  005FCC      2FAA       0  CODE    
                text42                         005FCC  000088  006054      2FE6       0  CODE    
                text39                         006054  0000A2  0060F6      302A       0  CODE    
                text43                         0060F6  0000A4  00619A      307B       0  CODE    
                text26                         00619A  0000B4  00624E      30CD       0  CODE    
                text0                          00624E  0000BE  00630C      3127       0  CODE    
                text17                         00630C  000104  006410      3186       0  CODE    
                text24                         006410  000136  006546      3208       0  CODE    
                text41                         006546  000146  00668C      32A3       0  CODE    
                text25                         00668C  00016A  0067F6      3346       0  CODE    
                text16                         0067F6  00016C  006962      33FB       0  CODE    
                text10                         006962  000228  006B8A      34B1       0  CODE    
                text15                         006B8A  000244  006DCE      35C5       0  CODE    
                text47                         006DCE  00024E  00701C      36E7       0  CODE    
                text34                         00701C  00024E  00726A      380E       0  CODE    
                text12                         00726A  0003AA  007614      3935       0  CODE    
                text6                          007614  00040A  007A1E      3B0A       0  CODE    
                text18                         007A1E  0004C0  007EDE      3D0F       0  CODE    
                mediumconst                    007EDE  000122  008000      3F6F       0  MEDIUMCO


UNUSED ADDRESS RANGES

        Name                Unused          Largest block    Delta
        BANK0            000080-0000FF               80
        BANK1            000100-0001FF              100
        BANK2            000200-0002FF              100
        BANK3            000300-0003FF              100
        BANK4            000400-0004FF              100
        BANK5            000500-0005FF              100
        BIGRAM           000052-0005FF              5AE
        CODE             000004-0058E3             58E0
        COMRAM           000052-00007F               2E
        CONST            000004-0058E3             58E0
        EEDATA           F00000-F000FF              100
        MEDIUMCONST      000600-0058E3             52E4
        RAM              000080-0005FF              100
        SFR              000F80-000FFF               80
        SMALLCONST       000600-0058E3              100
        STACK            000080-0005FF              580

                                  Symbol Table

?___fladd                  cstackCOMRAM 000001
?___lldiv                  cstackCOMRAM 00000D
?___llmod                  cstackCOMRAM 00001A
?___lmul                   cstackCOMRAM 000001
?_adcRead                  cstackCOMRAM 000001
?_digitalRead              cstackCOMRAM 000001
?_kpRead                   cstackCOMRAM 000001
ShowOnDisplay@cent         cstackCOMRAM 000027
ShowOnDisplay@dez          cstackCOMRAM 000029
ShowOnDisplay@mil          cstackCOMRAM 000025
ShowOnDisplay@un           cstackCOMRAM 00002B
_ADCON0                    (abs)        000FC2
_ADCON1                    (abs)        000FC1
_ADCON2                    (abs)        000FC0
_ADRESH                    (abs)        000FC4
_ADRESL                    (abs)        000FC3
_BAUDCON                   (abs)        000FB8
_CCP2CON                   (abs)        000FBA
_CCPR2L                    (abs)        000FBB
_EraseDisplay              text44       0059D2
_INTCON                    (abs)        000FF2
_PIR1                      (abs)        000F9E
_PORTA                     (abs)        000F80
_PORTB                     (abs)        000F81
_PORTC                     (abs)        000F82
_PORTD                     (abs)        000F83
_PORTE                     (abs)        000F84
_PR2                       (abs)        000FCB
_PulseClockData            text32       0059FC
_PulseEnClock              text31       005A26
_RCREG                     (abs)        000FAE
_RCSTA                     (abs)        000FAB
_SPBRG                     (abs)        000FAF
_SPBRGH                    (abs)        000FB0
_ShowOnDisplay             text41       006546
_T0CON                     (abs)        000FD5
_T2CON                     (abs)        000FCA
_TMR0H                     (abs)        000FD7
_TMR0L                     (abs)        000FD6
_TRISA                     (abs)        000F92
_TRISB                     (abs)        000F93
_TRISC                     (abs)        000F94
_TRISD                     (abs)        000F95
_TRISE                     (abs)        000F96
_TXREG                     (abs)        000FAD
_TXSTA                     (abs)        000FAC
__HRAM                     (abs)        000000
__Habs1                    abs1         000000
__Hbank0                   bank0        000000
__Hbank1                   bank1        000000
__Hbank2                   bank2        000000
__Hbank3                   bank3        000000
__Hbank4                   bank4        000000
__Hbank5                   bank5        000000
__Hbigbss                  bigbss       000000
__Hbigdata                 bigdata      000000
__Hbigram                  bigram       000000
__Hbss                     bss          000000
__HbssCOMRAM               bssCOMRAM    000000
__Hcinit                   cinit        000000
__Hclrtext                 clrtext      000000
__Hcomram                  comram       000000
__Hconfig                  config       30000E
__Hconst                   const        000000
__HcstackCOMRAM            cstackCOMRAM 000000
__Hdata                    data         000000
__Heeprom_data             eeprom_data  000000
__Hfarbss                  farbss       000000
__Hfardata                 fardata      000000
__Hibigdata                ibigdata     000000
__Hidata                   idata        000000
__Hidloc                   idloc        200008
__Hifardata                ifardata     000000
__Hinit                    init         000004
__Hintcode                 intcode      000000
__Hintcode_body            intcode_body 000000
__Hintcodelo               intcodelo    000000
__Hintentry                intentry     000000
__Hintret                  intret       000000
__Hintsave_regs            intsave_regs 000000
__Hirdata                  irdata       000000
__Hmediumconst             mediumconst  008000
__HnvFARRAM                nvFARRAM     000000
__Hnvbit                   nvbit        000000
__Hnvrram                  nvrram       000000
__Hparam                   rparam       000000
__Hpowerup                 powerup      000000
__Hram                     ram          000000
__Hramtop                  ramtop       000600
__Hrbit                    rbit         000000
__Hrbss                    rbss         000000
__Hrdata                   rdata        000000
__Hreset_vec               reset_vec    000000
__Hrparam                  rparam       000000
__Hsfr                     sfr          000000
__Hsmallconst              smallconst   000000
__Hspace_0                 (abs)        008000
__Hspace_1                 (abs)        000052
__Hspace_2                 (abs)        000000
__Hspace_4                 (abs)        60000E
__Hstack                   stack        000000
__Hstruct                  struct       000000
__Htemp                    temp         000000
__Htext                    text         000000
__Htext0                   text0        000000
__Htext1                   text1        000000
__Htext10                  text10       000000
__Htext11                  text11       000000
__Htext12                  text12       000000
__Htext13                  text13       000000
__Htext14                  text14       000000
__Htext15                  text15       000000
__Htext16                  text16       000000
__Htext17                  text17       000000
__Htext18                  text18       000000
__Htext19                  text19       000000
__Htext2                   text2        000000
__Htext20                  text20       000000
__Htext21                  text21       000000
__Htext22                  text22       000000
__Htext23                  text23       000000
__Htext24                  text24       000000
__Htext25                  text25       000000
__Htext26                  text26       000000
__Htext27                  text27       000000
__Htext28                  text28       000000
__Htext29                  text29       000000
__Htext3                   text3        000000
__Htext30                  text30       000000
__Htext31                  text31       000000
__Htext32                  text32       000000
__Htext33                  text33       000000
__Htext34                  text34       000000
__Htext35                  text35       000000
__Htext36                  text36       000000
__Htext37                  text37       000000
__Htext38                  text38       000000
__Htext39                  text39       000000
__Htext4                   text4        000000
__Htext40                  text40       000000
__Htext41                  text41       000000
__Htext42                  text42       000000
__Htext43                  text43       000000
__Htext44                  text44       000000
__Htext45                  text45       000000
__Htext46                  text46       000000
__Htext47                  text47       000000
__Htext5                   text5        000000
__Htext6                   text6        000000
__Htext7                   text7        000000
__Htext8                   text8        000000
__Htext9                   text9        000000
__LRAM                     (abs)        000001
__Labs1                    abs1         000000
__Lbank0                   bank0        000000
__Lbank1                   bank1        000000
__Lbank2                   bank2        000000
__Lbank3                   bank3        000000
__Lbank4                   bank4        000000
__Lbank5                   bank5        000000
__Lbigbss                  bigbss       000000
__Lbigdata                 bigdata      000000
__Lbigram                  bigram       000000
__Lbss                     bss          000000
__LbssCOMRAM               bssCOMRAM    000000
__Lcinit                   cinit        000000
__Lclrtext                 clrtext      000000
__Lcomram                  comram       000000
__Lconfig                  config       000000
__Lconst                   const        000000
__LcstackCOMRAM            cstackCOMRAM 000000
__Ldata                    data         000000
__Leeprom_data             eeprom_data  000000
__Lfarbss                  farbss       000000
__Lfardata                 fardata      000000
__Libigdata                ibigdata     000000
__Lidata                   idata        000000
__Lidloc                   idloc        000000
__Lifardata                ifardata     000000
__Linit                    init         000000
__Lintcode                 intcode      000000
__Lintcode_body            intcode_body 000000
__Lintcodelo               intcodelo    000000
__Lintentry                intentry     000000
__Lintret                  intret       000000
__Lintsave_regs            intsave_regs 000000
__Lirdata                  irdata       000000
__Lmediumconst             mediumconst  007EDE
__LnvFARRAM                nvFARRAM     000000
__Lnvbit                   nvbit        000000
__Lnvrram                  nvrram       000000
__Lparam                   rparam       000000
__Lpowerup                 powerup      000000
__Lram                     ram          000000
__Lramtop                  ramtop       000600
__Lrbit                    rbit         000000
__Lrbss                    rbss         000000
__Lrdata                   rdata        000000
__Lreset_vec               reset_vec    000000
__Lrparam                  rparam       000000
__Lsfr                     sfr          000000
__Lsmallconst              smallconst   000000
__Lspace_0                 (abs)        000000
__Lspace_1                 (abs)        000000
__Lspace_2                 (abs)        000000
__Lspace_4                 (abs)        000000
__Lstack                   stack        000000
__Lstruct                  struct       000000
__Ltemp                    temp         000000
__Ltext                    text         000000
__Ltext0                   text0        000000
__Ltext1                   text1        000000
__Ltext10                  text10       000000
__Ltext11                  text11       000000
__Ltext12                  text12       000000
__Ltext13                  text13       000000
__Ltext14                  text14       000000
__Ltext15                  text15       000000
__Ltext16                  text16       000000
__Ltext17                  text17       000000
__Ltext18                  text18       000000
__Ltext19                  text19       000000
__Ltext2                   text2        000000
__Ltext20                  text20       000000
__Ltext21                  text21       000000
__Ltext22                  text22       000000
__Ltext23                  text23       000000
__Ltext24                  text24       000000
__Ltext25                  text25       000000
__Ltext26                  text26       000000
__Ltext27                  text27       000000
__Ltext28                  text28       000000
__Ltext29                  text29       000000
__Ltext3                   text3        000000
__Ltext30                  text30       000000
__Ltext31                  text31       000000
__Ltext32                  text32       000000
__Ltext33                  text33       000000
__Ltext34                  text34       000000
__Ltext35                  text35       000000
__Ltext36                  text36       000000
__Ltext37                  text37       000000
__Ltext38                  text38       000000
__Ltext39                  text39       000000
__Ltext4                   text4        000000
__Ltext40                  text40       000000
__Ltext41                  text41       000000
__Ltext42                  text42       000000
__Ltext43                  text43       000000
__Ltext44                  text44       000000
__Ltext45                  text45       000000
__Ltext46                  text46       000000
__Ltext47                  text47       000000
__Ltext5                   text5        000000
__Ltext6                   text6        000000
__Ltext7                   text7        000000
__Ltext8                   text8        000000
__Ltext9                   text9        000000
__S0                       (abs)        008000
__S1                       (abs)        000052
__S2                       (abs)        000000
__S4                       (abs)        000000
__S5                       (abs)        000000
___fladd                   text18       007A1E
___fladd@a                 cstackCOMRAM 000005
___fladd@aexp              cstackCOMRAM 00000E
___fladd@b                 cstackCOMRAM 000001
___fladd@bexp              cstackCOMRAM 00000F
___fladd@grs               cstackCOMRAM 000010
___fladd@signs             cstackCOMRAM 00000D
___flge                    text17       00630C
___flge@ff1                cstackCOMRAM 000001
___flge@ff2                cstackCOMRAM 000005
___inthi_sp                stack        000000
___intlo_sp                stack        000000
___lldiv                   text43       0060F6
___lldiv@counter           cstackCOMRAM 000019
___lldiv@dividend          cstackCOMRAM 00000D
___lldiv@divisor           cstackCOMRAM 000011
___lldiv@quotient          cstackCOMRAM 000015
___llmod                   text42       005FCC
___llmod@counter           cstackCOMRAM 000022
___llmod@dividend          cstackCOMRAM 00001A
___llmod@divisor           cstackCOMRAM 00001E
___lmul                    text40       005EEA
___lmul@multiplicand       cstackCOMRAM 000005
___lmul@multiplier         cstackCOMRAM 000001
___lmul@product            cstackCOMRAM 000009
___param_bank              (abs)        000000
___rparam_used             (abs)        000001
___sp                      stack        000000
__accesstop                (abs)        000080
__activetblptr             (abs)        000002
__end_of_EraseDisplay      text44       0059FC
__end_of_PulseClockData    text32       005A26
__end_of_PulseEnClock      text31       005A50
__end_of_ShowOnDisplay     text41       00668C
__end_of___fladd           text18       007EDE
__end_of___flge            text17       006410
__end_of___lldiv           text43       00619A
__end_of___llmod           text42       006054
__end_of___lmul            text40       005F54
__end_of__initialization   cinit        00592A
__end_of_adcInit           text46       005C1E
__end_of_adcRead           text11       005CBC
__end_of_charKey           mediumconst  007EF9
__end_of_comparacao        text39       0060F6
__end_of_delayMicro        text35       0058E6
__end_of_delayMili         text36       005AAC
__end_of_digitalRead       text25       0067F6
__end_of_digitalWrite      text34       00726A
__end_of_kpDebounce        text24       006546
__end_of_kpInit            text37       005ADE
__end_of_kpRead            text23       0058F8
__end_of_kpReadKey         text22       005FCC
__end_of_lcdChar           text20       00598A
__end_of_lcdCommand        text28       00596C
__end_of_lcdInit           text26       00624E
__end_of_lcdPosition       text21       005B18
__end_of_lcdString         text19       005D12
__end_of_leituraTeclas     text12       007614
__end_of_main              text0        00630C
__end_of_pinMode           text47       00701C
__end_of_pulseEnablePin    text33       005BD6
__end_of_pushByte          text29       005E1A
__end_of_pushNibble        text27       0059D2
__end_of_qtdComidaLeitura  text10       006B8A
__end_of_relogio           text15       006DCE
__end_of_rgbInit           text9        005B94
__end_of_serial            text6        007A1E
__end_of_serialInit        text5        00594E
__end_of_serialRead        text8        005A7C
__end_of_serialSend        text7        00591E
__end_of_soInit            text38       005B56
__end_of_soWrite           text30       005C6C
__end_of_ssdDigit          text45       005DC0
__end_of_ssdInit           text4        005D68
__end_of_ssdUpdate         text16       006962
__end_of_timerInit         text3        0058EE
__end_of_timerReset        text2        0059AC
__end_of_timerWait         text1        005908
__end_of_turnOff           text14       005E82
__end_of_turnOn            text13       005EEA
__end_of_valor             mediumconst  007EEF
__initialization           cinit        00591E
__mediumconst              mediumconst  007EDE
__pbssCOMRAM               bssCOMRAM    000036
__pcinit                   cinit        00591E
__pcstackCOMRAM            cstackCOMRAM 000001
__pmediumconst             mediumconst  007EDE
__ptext0                   text0        00624E
__ptext1                   text1        0058F8
__ptext10                  text10       006962
__ptext11                  text11       005C6C
__ptext12                  text12       00726A
__ptext13                  text13       005E82
__ptext14                  text14       005E1A
__ptext15                  text15       006B8A
__ptext16                  text16       0067F6
__ptext17                  text17       00630C
__ptext18                  text18       007A1E
__ptext19                  text19       005CBC
__ptext2                   text2        00598A
__ptext20                  text20       00596C
__ptext21                  text21       005ADE
__ptext22                  text22       005F54
__ptext23                  text23       0058EE
__ptext24                  text24       006410
__ptext25                  text25       00668C
__ptext26                  text26       00619A
__ptext27                  text27       0059AC
__ptext28                  text28       00594E
__ptext29                  text29       005DC0
__ptext3                   text3        0058E6
__ptext30                  text30       005C1E
__ptext31                  text31       005A26
__ptext32                  text32       0059FC
__ptext33                  text33       005B94
__ptext34                  text34       00701C
__ptext35                  text35       0058E4
__ptext36                  text36       005A7C
__ptext37                  text37       005AAC
__ptext38                  text38       005B18
__ptext39                  text39       006054
__ptext4                   text4        005D12
__ptext40                  text40       005EEA
__ptext41                  text41       006546
__ptext42                  text42       005FCC
__ptext43                  text43       0060F6
__ptext44                  text44       0059D2
__ptext45                  text45       005D68
__ptext46                  text46       005BD6
__ptext47                  text47       006DCE
__ptext5                   text5        005934
__ptext6                   text6        007614
__ptext7                   text7        005908
__ptext8                   text8        005A50
__ptext9                   text9        005B56
__ramtop                   ramtop       000600
__size_of_EraseDisplay     (abs)        000000
__size_of_PulseClockData   (abs)        000000
__size_of_PulseEnClock     (abs)        000000
__size_of_ShowOnDisplay    (abs)        000000
__size_of___fladd          (abs)        000000
__size_of___flge           (abs)        000000
__size_of___lldiv          (abs)        000000
__size_of___llmod          (abs)        000000
__size_of___lmul           (abs)        000000
__size_of_adcInit          (abs)        000000
__size_of_adcRead          (abs)        000000
__size_of_comparacao       (abs)        000000
__size_of_delayMicro       (abs)        000000
__size_of_delayMili        (abs)        000000
__size_of_digitalRead      (abs)        000000
__size_of_digitalWrite     (abs)        000000
__size_of_kpDebounce       (abs)        000000
__size_of_kpInit           (abs)        000000
__size_of_kpRead           (abs)        000000
__size_of_kpReadKey        (abs)        000000
__size_of_lcdChar          (abs)        000000
__size_of_lcdCommand       (abs)        000000
__size_of_lcdInit          (abs)        000000
__size_of_lcdPosition      (abs)        000000
__size_of_lcdString        (abs)        000000
__size_of_leituraTeclas    (abs)        000000
__size_of_main             (abs)        000000
__size_of_pinMode          (abs)        000000
__size_of_pulseEnablePin   (abs)        000000
__size_of_pushByte         (abs)        000000
__size_of_pushNibble       (abs)        000000
__size_of_qtdComidaLeitura (abs)        000000
__size_of_relogio          (abs)        000000
__size_of_rgbInit          (abs)        000000
__size_of_serial           (abs)        000000
__size_of_serialInit       (abs)        000000
__size_of_serialRead       (abs)        000000
__size_of_serialSend       (abs)        000000
__size_of_soInit           (abs)        000000
__size_of_soWrite          (abs)        000000
__size_of_ssdDigit         (abs)        000000
__size_of_ssdInit          (abs)        000000
__size_of_ssdUpdate        (abs)        000000
__size_of_timerInit        (abs)        000000
__size_of_timerReset       (abs)        000000
__size_of_timerWait        (abs)        000000
__size_of_turnOff          (abs)        000000
__size_of_turnOn           (abs)        000000
__smallconst               smallconst   000000
_adcInit                   text46       005BD6
_adcRead                   text11       005C6C
_auxSerial                 bssCOMRAM    000046
_charKey                   mediumconst  007EEF
_comidaMax                 bssCOMRAM    00003A
_comparacao                text39       006054
_delayMicro                text35       0058E4
_delayMili                 text36       005A7C
_digitalRead               text25       00668C
_digitalWrite              text34       00701C
_display                   bssCOMRAM    00004B
_keys                      bssCOMRAM    000044
_kpDebounce                text24       006410
_kpInit                    text37       005AAC
_kpRead                    text23       0058EE
_kpReadKey                 text22       005F54
_lcdChar                   text20       00596C
_lcdCommand                text28       00594E
_lcdInit                   text26       00619A
_lcdPosition               text21       005ADE
_lcdString                 text19       005CBC
_leituraTeclas             text12       00726A
_main                      text0        00624E
_pinMode                   text47       006DCE
_potenc                    bssCOMRAM    00004E
_pulseEnablePin            text33       005B94
_pushByte                  text29       005DC0
_pushNibble                text27       0059AC
_qtd                       bssCOMRAM    000036
_qtdComidaLeitura          text10       006962
_qtdComidaLeitura$1414     cstackCOMRAM 000027
_relogio                   text15       006B8A
_rgbInit                   text9        005B56
_serial                    text6        007614
_serial$1415               cstackCOMRAM 00002F
_serialInit                text5        005934
_serialRead                text8        005A50
_serialSend                text7        005908
_soInit                    text38       005B18
_soWrite                   text30       005C1E
_ssdDigit                  text45       005D68
_ssdInit                   text4        005D12
_ssdUpdate                 text16       0067F6
_started                   bssCOMRAM    00004D
_tempoParaEncher           bssCOMRAM    00003E
_timerInit                 text3        0058E6
_timerReset                text2        00598A
_timerWait                 text1        0058F8
_turnOff                   text14       005E1A
_turnOn                    text13       005E82
_v0                        bssCOMRAM    00004A
_v1                        bssCOMRAM    000049
_v2                        bssCOMRAM    000048
_v3                        bssCOMRAM    000047
_valor                     mediumconst  007EDF
adcRead@ADvalor            cstackCOMRAM 000003
adcRead@channel            cstackCOMRAM 000001
delayMicro@a               cstackCOMRAM 000001
delayMili@a                cstackCOMRAM 000001
delayMili@i                cstackCOMRAM 000004
digitalRead@pin            cstackCOMRAM 000001
digitalWrite@pin           cstackCOMRAM 000001
digitalWrite@value         cstackCOMRAM 000003
end_of_initialization      cinit        00592A
intlevel0                  text         000000
intlevel1                  text         000000
intlevel2                  text         000000
intlevel3                  text         000000
isa$std                    (abs)        000001
isa$xinst                  (abs)        000000
kpDebounce@i               cstackCOMRAM 00000D
kpDebounce@newRead         bssCOMRAM    000042
kpDebounce@oldRead         bssCOMRAM    000040
kpDebounce@tempo           bssCOMRAM    00004C
kpReadKey@i                cstackCOMRAM 000004
lcdChar@value              cstackCOMRAM 00000E
lcdCommand@value           cstackCOMRAM 00000E
lcdPosition@col            cstackCOMRAM 000011
lcdPosition@line           cstackCOMRAM 00000F
lcdString@i                cstackCOMRAM 000013
lcdString@msg              cstackCOMRAM 00000F
leituraTeclas@tecla        cstackCOMRAM 00002F
main@Slot                  cstackCOMRAM 000035
pinMode@pin                cstackCOMRAM 000001
pinMode@type               cstackCOMRAM 000003
pushByte@rs                cstackCOMRAM 00000A
pushByte@value             cstackCOMRAM 00000D
pushNibble@rs              cstackCOMRAM 00000A
pushNibble@value           cstackCOMRAM 00000C
qtdComidaLeitura@oldValue  cstackCOMRAM 000023
relogio@cont               cstackCOMRAM 000029
relogio@tempo              cstackCOMRAM 000025
serialRead@resp            cstackCOMRAM 000001
serialSend@c               cstackCOMRAM 000001
soWrite@i                  cstackCOMRAM 000009
soWrite@value              cstackCOMRAM 000007
ssdDigit@pos               cstackCOMRAM 000023
ssdDigit@val               cstackCOMRAM 000024
stackhi                    (abs)        0005FF
stacklo                    (abs)        000080
start                      init         000000
start_initialization       cinit        00591E
timerReset@ciclos          cstackCOMRAM 000003
timerReset@tempo           cstackCOMRAM 000001
turnOff@led                cstackCOMRAM 000007
turnOn@led                 cstackCOMRAM 000007


MODULE INFORMATION

Module		Function		Class		Link	Load	Size
ssd.c
		_ssdInit       		CODE           	5D12	0000	86
		_ssdDigit      		CODE           	5D68	0000	88
		_ssdUpdate     		CODE           	67F6	0000	364

ssd.c estimated size: 538

serial.c
		_serialSend    		CODE           	5908	0000	22
		_serialInit    		CODE           	5934	0000	26
		_serialRead    		CODE           	5A50	0000	44

serial.c estimated size: 92

C:\Program Files\Microchip\xc8\v2.32\pic\sources\c99\common\sprcadd.c
		___fladd       		CODE           	7A1E	0000	1216

C:\Program Files\Microchip\xc8\v2.32\pic\sources\c99\common\sprcadd.c estimated size: 1216

keypad.c
		_kpInit        		CODE           	5AAC	0000	50
		_kpReadKey     		CODE           	5F54	0000	120
		_kpDebounce    		CODE           	6410	0000	310
		_kpRead        		CODE           	58EE	0000	10

keypad.c estimated size: 490

so.c
		_soInit        		CODE           	5B18	0000	62
		_soWrite       		CODE           	5C1E	0000	78
		_PulseEnClock  		CODE           	5A26	0000	42
		_PulseClockData		CODE           	59FC	0000	42

so.c estimated size: 224

io.c
		_digitalRead   		CODE           	668C	0000	362
		_digitalWrite  		CODE           	701C	0000	590
		_pinMode       		CODE           	6DCE	0000	590

io.c estimated size: 1542

timer.c
		_timerWait     		CODE           	58F8	0000	16
		_timerReset    		CODE           	598A	0000	34
		_timerInit     		CODE           	58E6	0000	8

timer.c estimated size: 58

C:\Program Files\Microchip\xc8\v2.32\pic\sources\c99\common\llmod.c
		___llmod       		CODE           	5FCC	0000	136

C:\Program Files\Microchip\xc8\v2.32\pic\sources\c99\common\llmod.c estimated size: 136

adc.c
		_adcRead       		CODE           	5C6C	0000	80
		_adcInit       		CODE           	5BD6	0000	72

adc.c estimated size: 152

rgb.c
		_turnOff       		CODE           	5E1A	0000	104
		_turnOn        		CODE           	5E82	0000	104
		_rgbInit       		CODE           	5B56	0000	62

rgb.c estimated size: 270

shared
		_valor         		MEDIUMCONST    	7EDF	0000	16
		_charKey       		MEDIUMCONST    	7EEF	0000	10
		__initialization		CODE           	591E	0000	12

shared estimated size: 38

C:\Program Files\Microchip\xc8\v2.32\pic\sources\c99\common\Umul32.c
		___lmul        		CODE           	5EEA	0000	106

C:\Program Files\Microchip\xc8\v2.32\pic\sources\c99\common\Umul32.c estimated size: 106

lcd.c
		_lcdCommand    		CODE           	594E	0000	30
		_lcdChar       		CODE           	596C	0000	30
		_lcdString     		CODE           	5CBC	0000	86
		_pulseEnablePin		CODE           	5B94	0000	66
		_pushByte      		CODE           	5DC0	0000	90
		_lcdPosition   		CODE           	5ADE	0000	58
		_pushNibble    		CODE           	59AC	0000	38
		_lcdInit       		CODE           	619A	0000	180
		_delayMili     		CODE           	5A7C	0000	48
		_delayMicro    		CODE           	58E4	0000	2

lcd.c estimated size: 628

newmain1.c
		_leituraTeclas 		CODE           	726A	0000	938
		_serial        		CODE           	7614	0000	1034
		_main          		CODE           	624E	0000	190
		_EraseDisplay  		CODE           	59D2	0000	42
		_comparacao    		CODE           	6054	0000	162
		_ShowOnDisplay 		CODE           	6546	0000	326
		_qtdComidaLeitura		CODE           	6962	0000	552
		_relogio       		CODE           	6B8A	0000	580

newmain1.c estimated size: 3824

C:\Program Files\Microchip\xc8\v2.32\pic\sources\c99\common\__lldiv.c
		___lldiv       		CODE           	60F6	0000	164

C:\Program Files\Microchip\xc8\v2.32\pic\sources\c99\common\__lldiv.c estimated size: 164

C:\Program Files\Microchip\xc8\v2.32\pic\sources\c99\common\flge.c
		___flge        		CODE           	630C	0000	260

C:\Program Files\Microchip\xc8\v2.32\pic\sources\c99\common\flge.c estimated size: 260

